########## ARM big-pickle (opencode/big-pickle) 2026-09-27T15:06:20Z ##########
arm=big-pickle model=opencode/big-pickle cases=64 chunks=8 attempts<=2
  chunk 00 [8/8] cumulative=8/64
  chunk 01 [8/8] cumulative=16/64
  chunk 02 [8/8] cumulative=24/64
  chunk 03 [8/8] cumulative=32/64
  chunk 04 [8/8] cumulative=40/64
  chunk 05 [8/8] cumulative=48/64
  chunk 06 [8/8] cumulative=56/64
  chunk 07 [8/8] cumulative=64/64
arm=big-pickle collected=64/64 -> out/answers-big-pickle.ndjson
---- arm big-pickle exit=0 2026-09-27T15:11:27Z ----
########## ARM ling (opencode/ling-3.0-flash-fin-free) 2026-09-27T15:11:27Z ##########
arm=ling model=opencode/ling-3.0-flash-fin-free cases=64 chunks=8 attempts<=2
  chunk 00 [8/8] cumulative=8/64
  chunk 01 [8/8] cumulative=16/64
  chunk 02 [8/8] cumulative=24/64
  chunk 03 [0/8] cumulative=24/64
  chunk 04 [0/8] cumulative=24/64
  chunk 05 [0/8] cumulative=24/64
  chunk 06 [0/8] cumulative=24/64
  chunk 07 [0/8] cumulative=24/64
arm=ling collected=24/64 -> out/answers-ling.ndjson
---- arm ling exit=5 2026-09-27T15:14:29Z ----
########## ARM mimo (opencode/mimo-v2.6-flash-free) 2026-09-27T15:14:29Z ##########
arm=mimo model=opencode/mimo-v2.6-flash-free cases=64 chunks=8 attempts<=2
  chunk 00 [8/8] cumulative=8/64
  chunk 01 [8/8] cumulative=16/64
  chunk 02 [8/8] cumulative=24/64
  chunk 03 [8/8] cumulative=32/64
  chunk 04 [8/8] cumulative=40/64
  chunk 05 [8/8] cumulative=48/64
  chunk 06 [8/8] cumulative=56/64
  chunk 07 [8/8] cumulative=64/64
arm=mimo collected=64/64 -> out/answers-mimo.ndjson
---- arm mimo exit=0 2026-09-27T15:18:04Z ----
ALL ARMS COMPLETE 2026-09-27T15:18:04Z
