
-- Executing script file `/tmp/ases-kernel0-ingress-reduction/docs/research/kernel-0/ingress-reduction/evidence/mutant-worker_becomes_manager.ys' --

1. Executing Verilog-2005 frontend: /tmp/kernel0-ingress-build/worker_becomes_manager.v
Parsing Verilog input from `/tmp/kernel0-ingress-build/worker_becomes_manager.v' to AST representation.
Generating RTLIL representation for module `\fixed_ingress'.
Generating RTLIL representation for module `\fixed_ingress_machine'.
Successfully finished Verilog frontend.

2. Executing Verilog-2005 frontend: /tmp/ases-kernel0-ingress-reduction/docs/research/kernel-0/ingress-reduction/refinement_formal.v
Parsing Verilog input from `/tmp/ases-kernel0-ingress-reduction/docs/research/kernel-0/ingress-reduction/refinement_formal.v' to AST representation.
Generating RTLIL representation for module `\ingress_spec'.
Generating RTLIL representation for module `\ingress_formal'.
Generating RTLIL representation for module `\ingress_boundary_formal'.
Successfully finished Verilog frontend.

3. Executing HIERARCHY pass (managing design hierarchy).

3.1. Analyzing design hierarchy..
Top module:  \ingress_formal
Used module:     \ingress_spec
Used module:     \fixed_ingress

3.2. Analyzing design hierarchy..
Top module:  \ingress_formal
Used module:     \ingress_spec
Used module:     \fixed_ingress
Removing unused module `\ingress_boundary_formal'.
Removing unused module `\fixed_ingress_machine'.
Removed 2 unused modules.
Mapping positional arguments of cell ingress_formal.spec (ingress_spec).
Mapping positional arguments of cell ingress_formal.dut (fixed_ingress).

4. Executing PROC pass (convert processes to netlists).

4.1. Executing PROC_CLEAN pass (remove empty switches from decision trees).
Cleaned up 0 empty switches.

4.2. Executing PROC_RMDEAD pass (remove dead branches from decision trees).
Marked 1 switch rules as full_case in process $proc$/tmp/kernel0-ingress-build/worker_becomes_manager.v:13$1 in module fixed_ingress.
Removed a total of 0 dead cases.

4.3. Executing PROC_INIT pass (extract init attributes).

4.4. Executing PROC_ARST pass (detect async resets in processes).

4.5. Executing PROC_MUX pass (convert decision trees to multiplexers).
Creating decoders for process `\fixed_ingress.$proc$/tmp/kernel0-ingress-build/worker_becomes_manager.v:13$1'.
     1/7: $1\actor[2:0]
     2/7: $1\payload[10:0]
     3/7: $1\valid[0:0]
     4/7: $0\proposal[14:0]
     5/7: $0\valid[0:0]
     6/7: $0\actor[2:0]
     7/7: $0\payload[10:0]

4.6. Executing PROC_DLATCH pass (convert process syncs to latches).
No latch inferred for signal `\fixed_ingress.\payload' from process `\fixed_ingress.$proc$/tmp/kernel0-ingress-build/worker_becomes_manager.v:13$1'.
No latch inferred for signal `\fixed_ingress.\actor' from process `\fixed_ingress.$proc$/tmp/kernel0-ingress-build/worker_becomes_manager.v:13$1'.
No latch inferred for signal `\fixed_ingress.\valid' from process `\fixed_ingress.$proc$/tmp/kernel0-ingress-build/worker_becomes_manager.v:13$1'.
No latch inferred for signal `\fixed_ingress.\proposal' from process `\fixed_ingress.$proc$/tmp/kernel0-ingress-build/worker_becomes_manager.v:13$1'.

4.7. Executing PROC_DFF pass (convert process syncs to FFs).

4.8. Executing PROC_CLEAN pass (remove empty switches from decision trees).
Found and cleaned up 1 empty switch in `\fixed_ingress.$proc$/tmp/kernel0-ingress-build/worker_becomes_manager.v:13$1'.
Removing empty process `fixed_ingress.$proc$/tmp/kernel0-ingress-build/worker_becomes_manager.v:13$1'.
Cleaned up 1 empty switch.

5. Executing FLATTEN pass (flatten design).
Using template fixed_ingress for cells of type fixed_ingress.
Using template ingress_spec for cells of type ingress_spec.
<suppressed ~2 debug messages>
No more expansions possible.
Deleting now unused module ingress_spec.
Deleting now unused module fixed_ingress.

6. Executing OPT pass (performing simple optimizations).

6.1. Executing OPT_EXPR pass (perform const folding).
Optimizing module ingress_formal.
<suppressed ~2 debug messages>

6.2. Executing OPT_MERGE pass (detect identical cells).
Finding identical cells in module `\ingress_formal'.
<suppressed ~30 debug messages>
Removed a total of 10 cells.

6.3. Executing OPT_MUXTREE pass (detect dead branches in mux trees).
Running muxtree optimizer on module \ingress_formal..
  Creating internal representation of mux trees.
  Evaluating internal representation of mux trees.
  Analyzing evaluation results.
Removed 0 multiplexer ports.
<suppressed ~3 debug messages>

6.4. Executing OPT_REDUCE pass (consolidate $*mux and $reduce_* inputs).
  Optimizing cells in module \ingress_formal.
    New ctrl vector for $pmux cell $techmap\dut.$procmux$35: { $techmap\dut.$procmux$39_CMP $techmap\dut.$procmux$38_CMP $techmap\dut.$procmux$37_CMP $auto$opt_reduce.cc:132:opt_mux$56 }
    New ctrl vector for $pmux cell $techmap\dut.$procmux$49: $auto$opt_reduce.cc:132:opt_mux$58
    New input vector for $reduce_or cell $auto$opt_reduce.cc:126:opt_mux$55: { $techmap\dut.$procmux$36_CMP $techmap\dut.$procmux$40_CMP }
    New input vector for $reduce_or cell $auto$opt_reduce.cc:126:opt_mux$57: { $techmap\dut.$procmux$38_CMP $techmap\dut.$procmux$36_CMP $techmap\dut.$procmux$37_CMP $techmap\dut.$procmux$39_CMP $techmap\dut.$procmux$40_CMP }
  Optimizing cells in module \ingress_formal.
Performed a total of 4 changes.

6.5. Executing OPT_MERGE pass (detect identical cells).
Finding identical cells in module `\ingress_formal'.
Removed a total of 0 cells.

6.6. Executing OPT_RMDFF pass (remove dff with constant values).

6.7. Executing OPT_CLEAN pass (remove unused cells and wires).
Finding unused cells or wires in module \ingress_formal..
Removed 0 unused cells and 24 unused wires.
<suppressed ~1 debug messages>

6.8. Executing OPT_EXPR pass (perform const folding).
Optimizing module ingress_formal.

6.9. Rerunning OPT passes. (Maybe there is more to do..)

6.10. Executing OPT_MUXTREE pass (detect dead branches in mux trees).
Running muxtree optimizer on module \ingress_formal..
  Creating internal representation of mux trees.
  Evaluating internal representation of mux trees.
  Analyzing evaluation results.
Removed 0 multiplexer ports.
<suppressed ~3 debug messages>

6.11. Executing OPT_REDUCE pass (consolidate $*mux and $reduce_* inputs).
  Optimizing cells in module \ingress_formal.
Performed a total of 0 changes.

6.12. Executing OPT_MERGE pass (detect identical cells).
Finding identical cells in module `\ingress_formal'.
Removed a total of 0 cells.

6.13. Executing OPT_RMDFF pass (remove dff with constant values).

6.14. Executing OPT_CLEAN pass (remove unused cells and wires).
Finding unused cells or wires in module \ingress_formal..

6.15. Executing OPT_EXPR pass (perform const folding).
Optimizing module ingress_formal.

6.16. Finished OPT passes. (There is nothing left to do.)

7. Executing SAT pass (solving SAT problems in the circuit).

Setting up SAT problem:
Final constraint equation: { } = { }
Import def constraint for this timestep: \lane_valid
Import def constraint for this timestep: \payloads
Imported 29 cells to SAT database.
Import proof-constraint: \ok = 1'1
Final proof equation: \ok = 1'1
Import show expression: \lane_valid
Import show expression: \payloads
Import show expression: \ok

Solving problem with 5764 variables and 15637 clauses..
ERROR: Called with -verify and proof did fail!
